// Jest Snapshot v1, https://goo.gl/fbAQLP

exports[`PromptCreator creates a step prompt correctly 1`] = `
"# Detox Copilot Test Code Generation
You are an AI assistant tasked with generating test code for a mobile application using the provided testing framework API.
Please generate the minimal executable code to perform the desired intent based on the given information and context.

## Context
### Step to perform
action - tap button
### View hierarchy
<View><Button testID="submit" title="Submit" /></View>
### Snapshot image attached

## Available Action API

### tap(element: Element)
Taps on the specified element.
#### Example
\`\`\`
await element(by.id("button")).tap();
\`\`\`
#### Guidelines
- Ensure the element is tappable before using this method.

### typeText(element: Element, text: string)
Types the specified text into the element.
#### Example
\`\`\`
await element(by.id("input")).typeText("Hello, World!");
\`\`\`
#### Guidelines
- Use this method only on text input elements.

## Instructions
1. Generate the minimal executable code to perform the following action:
   "tap button"
2. Use the provided API and follow the guidelines.
3. If you cannot generate the relevant code due to ambiguity, invalid prompt, or inability to find the desired element, return a code that throws an informative error explaining the problem in one sentence.
4. Wrap the generated code with backticks, without any additional formatting.

Example of throwing an informative error:
\`\`\`typescript
throw new Error("Unable to find the 'Submit' button in the current view hierarchy.");
\`\`\`

Please provide your response below:"
`;
