// Jest Snapshot v1, https://goo.gl/fbAQLP

exports[`constructSafeFilename should throw exception when non-trimmable prefix and suffix occupy too much space 1`] = `"cannot trim filename to match filesystem limits because prefix and/or suffix are exceed 255 chars limit"`;

exports[`constructSafeFilename should throw if no arguments passed 1`] = `"no filename was given"`;

exports[`constructSafeFilename should throw if no arguments passed 2`] = `"no filename was given"`;
