// Jest Snapshot v1, https://goo.gl/fbAQLP

exports[`globals sanitize_android_direction should fail with unknown value 1`] = `"direction must be a 'left'/'right'/'up'/'down', got kittens"`;

exports[`globals sanitize_android_edge should fail with unknown value 1`] = `"edge must be a 'left'/'right'/'top'/'bottom', got kittens"`;

exports[`globals sanitize_greyContentEdge should fail with unknown value 1`] = `"GREYAction.GREYContentEdge must be a 'left'/'right'/'top'/'bottom', got kittens"`;

exports[`globals sanitize_greyDirection should fail with unknown value 1`] = `"GREYAction.GREYDirection must be a 'left'/'right'/'up'/'down', got kittens"`;

exports[`globals sanitize_greyPinchDirection should fail with unknown value 1`] = `"GREYAction.GREYPinchDirection must be a 'outward'/'inward', got kittens"`;

exports[`globals sanitize_uiAccessibilityTraits should throw if unknown trait is accessed 1`] = `"Unknown trait 'unknown', see list in https://facebook.github.io/react-native/docs/accessibility.html#accessibilitytraits-ios"`;
